            MOV R0, #1
            MOV R1, #2
            MOV R3, #0
            MOV R2, #0
            CMP R0, #0
            BEQ zero0
            CMP R1, #0
            BEQ zero0
            CMP R0, #0
            ADDLT R3, R3, #1
            MVNLT R0, R0
            ADDLT R0, R0, #1
            CMP R1, #0
            ADDLT R3, R3, #1
            MVNLT R1, R1
            ADDLT R1, R1, #1
comparacao0 CMP R0, #0
            BEQ fim0
            ADD R2, R2, R1
            SUB R0, R0, #1
            B comparacao0
zero0       MOV R2, #0
fim0        CMP R3, #1
            SUBEQ R2, R2, #1
            MVNEQ R2, R2
            MOV R0, #-3
            MOV R1, #4
            MOV R4, #0
            MOV R3, #0
            CMP R0, #0
            BEQ zero1
            CMP R1, #0
            BEQ zero1
            CMP R0, #0
            ADDLT R4, R4, #1
            MVNLT R0, R0
            ADDLT R0, R0, #1
            CMP R1, #0
            ADDLT R4, R4, #1
            MVNLT R1, R1
            ADDLT R1, R1, #1
comparacao1 CMP R0, #0
            BEQ fim1
            ADD R3, R3, R1
            SUB R0, R0, #1
            B comparacao1
zero1       MOV R3, #0
fim1        CMP R4, #1
            SUBEQ R3, R3, #1
            MVNEQ R3, R3
            MOV R1, #0
            MOV R0, #0
            CMP R2, #0
            BEQ zero2
            CMP R3, #0
            BEQ zero2
            CMP R2, #0
            ADDLT R1, R1, #1
            MVNLT R2, R2
            ADDLT R2, R2, #1
            CMP R3, #0
            ADDLT R1, R1, #1
            MVNLT R3, R3
            ADDLT R3, R3, #1
comparacao2 CMP R2, #0
            BEQ fim2
            ADD R0, R0, R3
            SUB R2, R2, #1
            B comparacao2
zero2       MOV R0, #0
fim2        CMP R1, #1
            SUBEQ R0, R0, #1
            MVNEQ R0, R0
            MOV R1, #5
            MOV R2, #-6
            MOV R4, #0
            MOV R3, #0
            CMP R1, #0
            BEQ zero3
            CMP R2, #0
            BEQ zero3
            CMP R1, #0
            ADDLT R4, R4, #1
            MVNLT R1, R1
            ADDLT R1, R1, #1
            CMP R2, #0
            ADDLT R4, R4, #1
            MVNLT R2, R2
            ADDLT R2, R2, #1
comparacao3 CMP R1, #0
            BEQ fim3
            ADD R3, R3, R2
            SUB R1, R1, #1
            B comparacao3
zero3       MOV R3, #0
fim3        CMP R4, #1
            SUBEQ R3, R3, #1
            MVNEQ R3, R3
            MOV R2, #0
            MOV R1, #0
            CMP R0, #0
            BEQ zero4
            CMP R3, #0
            BEQ zero4
            CMP R0, #0
            ADDLT R2, R2, #1
            MVNLT R0, R0
            ADDLT R0, R0, #1
            CMP R3, #0
            ADDLT R2, R2, #1
            MVNLT R3, R3
            ADDLT R3, R3, #1
comparacao4 CMP R0, #0
            BEQ fim4
            ADD R1, R1, R3
            SUB R0, R0, #1
            B comparacao4
zero4       MOV R1, #0
fim4        CMP R2, #1
            SUBEQ R1, R1, #1
            MVNEQ R1, R1
            MOV R0, #-7
            MOV R2, #-8
            MOV R4, #0
            MOV R3, #0
            CMP R0, #0
            BEQ zero5
            CMP R2, #0
            BEQ zero5
            CMP R0, #0
            ADDLT R4, R4, #1
            MVNLT R0, R0
            ADDLT R0, R0, #1
            CMP R2, #0
            ADDLT R4, R4, #1
            MVNLT R2, R2
            ADDLT R2, R2, #1
comparacao5 CMP R0, #0
            BEQ fim5
            ADD R3, R3, R2
            SUB R0, R0, #1
            B comparacao5
zero5       MOV R3, #0
fim5        CMP R4, #1
            SUBEQ R3, R3, #1
            MVNEQ R3, R3
            MOV R2, #0
            MOV R0, #0
            CMP R1, #0
            BEQ zero6
            CMP R3, #0
            BEQ zero6
            CMP R1, #0
            ADDLT R2, R2, #1
            MVNLT R1, R1
            ADDLT R1, R1, #1
            CMP R3, #0
            ADDLT R2, R2, #1
            MVNLT R3, R3
            ADDLT R3, R3, #1
comparacao6 CMP R1, #0
            BEQ fim6
            ADD R0, R0, R3
            SUB R1, R1, #1
            B comparacao6
zero6       MOV R0, #0
fim6        CMP R2, #1
            SUBEQ R0, R0, #1
            MVNEQ R0, R0
Registradores resultantes:
R0 40320
