            MOV R0, #1
            MOV R1, #2
            MOV R3, #0
            MOV R2, #0
            CMP R0, #0
            BEQ zero0
            CMP R1, #0
            BEQ zero0
            CMP R0, #0
            ADDLT R3, R3, #1
            MVNLT R0, R0
            ADDLT R0, R0, #1
            CMP R1, #0
            ADDLT R3, R3, #1
            MVNLT R1, R1
            ADDLT R1, R1, #1
comparacao0 CMP R0, #0
            BEQ fim0
            ADD R2, R2, R1
            SUB R0, R0, #1
            B comparacao0
zero0       MOV R2, #0
fim0        CMP R3, #1
            SUBEQ R2, R2, #1
            MVNEQ R2, R2
            MOV R0, #-3
            MOV R1, #4
            MOV R4, #0
            MOV R3, #0
            CMP R0, #0
            BEQ zero1
            CMP R1, #0
            BEQ zero1
            CMP R0, #0
            ADDLT R4, R4, #1
            MVNLT R0, R0
            ADDLT R0, R0, #1
            CMP R1, #0
            ADDLT R4, R4, #1
            MVNLT R1, R1
            ADDLT R1, R1, #1
comparacao1 CMP R0, #0
            BEQ fim1
            ADD R3, R3, R1
            SUB R0, R0, #1
            B comparacao1
zero1       MOV R3, #0
fim1        CMP R4, #1
            SUBEQ R3, R3, #1
            MVNEQ R3, R3
            ADD R0, R2, R3
            MOV R1, #5
            MOV R2, #-6
            MOV R4, #0
            MOV R3, #0
            CMP R1, #0
            BEQ zero2
            CMP R2, #0
            BEQ zero2
            CMP R1, #0
            ADDLT R4, R4, #1
            MVNLT R1, R1
            ADDLT R1, R1, #1
            CMP R2, #0
            ADDLT R4, R4, #1
            MVNLT R2, R2
            ADDLT R2, R2, #1
comparacao2 CMP R1, #0
            BEQ fim2
            ADD R3, R3, R2
            SUB R1, R1, #1
            B comparacao2
zero2       MOV R3, #0
fim2        CMP R4, #1
            SUBEQ R3, R3, #1
            MVNEQ R3, R3
            ADD R1, R0, R3
            MOV R0, #-7
            MOV R2, #-8
            MOV R4, #0
            MOV R3, #0
            CMP R0, #0
            BEQ zero3
            CMP R2, #0
            BEQ zero3
            CMP R0, #0
            ADDLT R4, R4, #1
            MVNLT R0, R0
            ADDLT R0, R0, #1
            CMP R2, #0
            ADDLT R4, R4, #1
            MVNLT R2, R2
            ADDLT R2, R2, #1
comparacao3 CMP R0, #0
            BEQ fim3
            ADD R3, R3, R2
            SUB R0, R0, #1
            B comparacao3
zero3       MOV R3, #0
fim3        CMP R4, #1
            SUBEQ R3, R3, #1
            MVNEQ R3, R3
            ADD R0, R1, R3
Registradores resultantes:
R0 16
