            MOV R0, %d
            MOV R0, #8
            MOV R1, #7
            CMP R0, #0
            BEQ zero0
            CMP R1, #0
            BEQ zero0
            CMP R0, #0
            ADDLT R3, #1
            MVNLT R0, R0
            CMP R1, #0
            ADDLT R3, #1
            MVNLT R1, R1
comparacao0 CMP R0, #0
            BEQ fim0
            ADD R2, R2, R1
            SUB R0, R0, #1
            B comparacao0
zero0       MOV R2, #0
fim0        CMP R3, #1
            MVNEQ R2, R2
            MOV R0, R2
R0 56
Resultado: 56
