            MOV R0, #9
            MOV R1, #8
            SUB R2, R0, R1
            MOV R0, #4
            MOV R1, #8
            ADD R3, R0, R1
            MOV R0, #3
            MOV R1, #5
            SUB R4, R0, R1
            MOV R0, #7
            ADD R1, R0, R4
            SUB R0, R3, R1
            ADD R1, R2, R0
            MOV R0, #6
            MOV R2, #9
            ADD R3, R0, R2
            ADD R0, R1, R3
Registradores resultantes:
R0 23
